{
    "packages": {
        "wpackagist-theme\/golden": {
            "1.0.0": {
                "name": "wpackagist-theme\/golden",
                "version": "1.0.0",
                "version_normalized": "1.0.0.0",
                "uid": 153783,
                "dist": {
                    "type": "zip",
                    "url": "https:\/\/downloads.wordpress.org\/theme\/golden.1.0.0.zip"
                },
                "source": {
                    "type": "svn",
                    "url": "https:\/\/themes.svn.wordpress.org\/golden\/",
                    "reference": "1.0.0"
                },
                "homepage": "https:\/\/wordpress.org\/themes\/golden\/",
                "require": {
                    "composer\/installers": "~1.0"
                },
                "type": "wordpress-theme"
            },
            "1.3.1": {
                "name": "wpackagist-theme\/golden",
                "version": "1.3.1",
                "version_normalized": "1.3.1.0",
                "uid": 153784,
                "dist": {
                    "type": "zip",
                    "url": "https:\/\/downloads.wordpress.org\/theme\/golden.1.3.1.zip"
                },
                "source": {
                    "type": "svn",
                    "url": "https:\/\/themes.svn.wordpress.org\/golden\/",
                    "reference": "1.3.1"
                },
                "homepage": "https:\/\/wordpress.org\/themes\/golden\/",
                "require": {
                    "composer\/installers": "~1.0"
                },
                "type": "wordpress-theme"
            },
            "1.3.2": {
                "name": "wpackagist-theme\/golden",
                "version": "1.3.2",
                "version_normalized": "1.3.2.0",
                "uid": 153785,
                "dist": {
                    "type": "zip",
                    "url": "https:\/\/downloads.wordpress.org\/theme\/golden.1.3.2.zip"
                },
                "source": {
                    "type": "svn",
                    "url": "https:\/\/themes.svn.wordpress.org\/golden\/",
                    "reference": "1.3.2"
                },
                "homepage": "https:\/\/wordpress.org\/themes\/golden\/",
                "require": {
                    "composer\/installers": "~1.0"
                },
                "type": "wordpress-theme"
            },
            "1.3.3": {
                "name": "wpackagist-theme\/golden",
                "version": "1.3.3",
                "version_normalized": "1.3.3.0",
                "uid": 153786,
                "dist": {
                    "type": "zip",
                    "url": "https:\/\/downloads.wordpress.org\/theme\/golden.1.3.3.zip"
                },
                "source": {
                    "type": "svn",
                    "url": "https:\/\/themes.svn.wordpress.org\/golden\/",
                    "reference": "1.3.3"
                },
                "homepage": "https:\/\/wordpress.org\/themes\/golden\/",
                "require": {
                    "composer\/installers": "~1.0"
                },
                "type": "wordpress-theme"
            },
            "1.3.4": {
                "name": "wpackagist-theme\/golden",
                "version": "1.3.4",
                "version_normalized": "1.3.4.0",
                "uid": 153787,
                "dist": {
                    "type": "zip",
                    "url": "https:\/\/downloads.wordpress.org\/theme\/golden.1.3.4.zip"
                },
                "source": {
                    "type": "svn",
                    "url": "https:\/\/themes.svn.wordpress.org\/golden\/",
                    "reference": "1.3.4"
                },
                "homepage": "https:\/\/wordpress.org\/themes\/golden\/",
                "require": {
                    "composer\/installers": "~1.0"
                },
                "type": "wordpress-theme"
            },
            "1.4.1": {
                "name": "wpackagist-theme\/golden",
                "version": "1.4.1",
                "version_normalized": "1.4.1.0",
                "uid": 153788,
                "dist": {
                    "type": "zip",
                    "url": "https:\/\/downloads.wordpress.org\/theme\/golden.1.4.1.zip"
                },
                "source": {
                    "type": "svn",
                    "url": "https:\/\/themes.svn.wordpress.org\/golden\/",
                    "reference": "1.4.1"
                },
                "homepage": "https:\/\/wordpress.org\/themes\/golden\/",
                "require": {
                    "composer\/installers": "~1.0"
                },
                "type": "wordpress-theme"
            },
            "1.6.13": {
                "name": "wpackagist-theme\/golden",
                "version": "1.6.13",
                "version_normalized": "1.6.13.0",
                "uid": 153789,
                "dist": {
                    "type": "zip",
                    "url": "https:\/\/downloads.wordpress.org\/theme\/golden.1.6.13.zip"
                },
                "source": {
                    "type": "svn",
                    "url": "https:\/\/themes.svn.wordpress.org\/golden\/",
                    "reference": "1.6.13"
                },
                "homepage": "https:\/\/wordpress.org\/themes\/golden\/",
                "require": {
                    "composer\/installers": "~1.0"
                },
                "type": "wordpress-theme"
            },
            "1.8.11": {
                "name": "wpackagist-theme\/golden",
                "version": "1.8.11",
                "version_normalized": "1.8.11.0",
                "uid": 153790,
                "dist": {
                    "type": "zip",
                    "url": "https:\/\/downloads.wordpress.org\/theme\/golden.1.8.11.zip"
                },
                "source": {
                    "type": "svn",
                    "url": "https:\/\/themes.svn.wordpress.org\/golden\/",
                    "reference": "1.8.11"
                },
                "homepage": "https:\/\/wordpress.org\/themes\/golden\/",
                "require": {
                    "composer\/installers": "~1.0"
                },
                "type": "wordpress-theme"
            },
            "1.8.13": {
                "name": "wpackagist-theme\/golden",
                "version": "1.8.13",
                "version_normalized": "1.8.13.0",
                "uid": 153791,
                "dist": {
                    "type": "zip",
                    "url": "https:\/\/downloads.wordpress.org\/theme\/golden.1.8.13.zip"
                },
                "source": {
                    "type": "svn",
                    "url": "https:\/\/themes.svn.wordpress.org\/golden\/",
                    "reference": "1.8.13"
                },
                "homepage": "https:\/\/wordpress.org\/themes\/golden\/",
                "require": {
                    "composer\/installers": "~1.0"
                },
                "type": "wordpress-theme"
            },
            "1.11.6": {
                "name": "wpackagist-theme\/golden",
                "version": "1.11.6",
                "version_normalized": "1.11.6.0",
                "uid": 153792,
                "dist": {
                    "type": "zip",
                    "url": "https:\/\/downloads.wordpress.org\/theme\/golden.1.11.6.zip"
                },
                "source": {
                    "type": "svn",
                    "url": "https:\/\/themes.svn.wordpress.org\/golden\/",
                    "reference": "1.11.6"
                },
                "homepage": "https:\/\/wordpress.org\/themes\/golden\/",
                "require": {
                    "composer\/installers": "~1.0"
                },
                "type": "wordpress-theme"
            },
            "2.1.5": {
                "name": "wpackagist-theme\/golden",
                "version": "2.1.5",
                "version_normalized": "2.1.5.0",
                "uid": 153793,
                "dist": {
                    "type": "zip",
                    "url": "https:\/\/downloads.wordpress.org\/theme\/golden.2.1.5.zip"
                },
                "source": {
                    "type": "svn",
                    "url": "https:\/\/themes.svn.wordpress.org\/golden\/",
                    "reference": "2.1.5"
                },
                "homepage": "https:\/\/wordpress.org\/themes\/golden\/",
                "require": {
                    "composer\/installers": "~1.0"
                },
                "type": "wordpress-theme"
            }
        }
    }
}